TimeQuest Timing Analyzer report for endsem
Sat Apr 21 16:41:02 2018
Quartus Prime Version 16.0.0 Build 211 04/27/2016 SJ Lite Edition


---------------------
; Table of Contents ;
---------------------
  1. Legal Notice
  2. TimeQuest Timing Analyzer Summary
  3. Parallel Compilation
  4. Clocks
  5. Fmax Summary
  6. Setup Summary
  7. Hold Summary
  8. Recovery Summary
  9. Removal Summary
 10. Minimum Pulse Width Summary
 11. Setup: 'TCLK'
 12. Setup: 'TRST'
 13. Hold: 'TRST'
 14. Hold: 'TCLK'
 15. Recovery: 'TCLK'
 16. Removal: 'TCLK'
 17. Setup Transfers
 18. Hold Transfers
 19. Recovery Transfers
 20. Removal Transfers
 21. Report TCCS
 22. Report RSKM
 23. Unconstrained Paths Summary
 24. Clock Status Summary
 25. Unconstrained Input Ports
 26. Unconstrained Output Ports
 27. Unconstrained Input Ports
 28. Unconstrained Output Ports
 29. TimeQuest Timing Analyzer Messages



----------------
; Legal Notice ;
----------------
Copyright (C) 1991-2016 Altera Corporation. All rights reserved.
Your use of Altera Corporation's design tools, logic functions 
and other software and tools, and its AMPP partner logic 
functions, and any output files from any of the foregoing 
(including device programming or simulation files), and any 
associated documentation or information are expressly subject 
to the terms and conditions of the Altera Program License 
Subscription Agreement, the Altera Quartus Prime License Agreement,
the Altera MegaCore Function License Agreement, or other 
applicable license agreement, including, without limitation, 
that your use is for the sole purpose of programming logic 
devices manufactured by Altera and sold by Altera or its 
authorized distributors.  Please refer to the applicable 
agreement for further details.



+-----------------------------------------------------------------------------+
; TimeQuest Timing Analyzer Summary                                           ;
+-----------------------+-----------------------------------------------------+
; Quartus Prime Version ; Version 16.0.0 Build 211 04/27/2016 SJ Lite Edition ;
; Timing Analyzer       ; TimeQuest                                           ;
; Revision Name         ; endsem                                              ;
; Device Family         ; MAX V                                               ;
; Device Name           ; 5M1270ZT144C5                                       ;
; Timing Models         ; Final                                               ;
; Delay Model           ; Slow Model                                          ;
; Rise/Fall Delays      ; Unavailable                                         ;
+-----------------------+-----------------------------------------------------+


Parallel compilation was disabled, but you have multiple processors available. Enable parallel compilation to reduce compilation time.
+-------------------------------------+
; Parallel Compilation                ;
+----------------------------+--------+
; Processors                 ; Number ;
+----------------------------+--------+
; Number detected on machine ; 4      ;
; Maximum allowed            ; 1      ;
+----------------------------+--------+


+----------------------------------------------------------------------------------------------------------------------------------------------------------------------------------+
; Clocks                                                                                                                                                                           ;
+------------+------+--------+------------+-------+-------+------------+-----------+-------------+-------+--------+-----------+------------+----------+--------+--------+----------+
; Clock Name ; Type ; Period ; Frequency  ; Rise  ; Fall  ; Duty Cycle ; Divide by ; Multiply by ; Phase ; Offset ; Edge List ; Edge Shift ; Inverted ; Master ; Source ; Targets  ;
+------------+------+--------+------------+-------+-------+------------+-----------+-------------+-------+--------+-----------+------------+----------+--------+--------+----------+
; TCLK       ; Base ; 1.000  ; 1000.0 MHz ; 0.000 ; 0.500 ;            ;           ;             ;       ;        ;           ;            ;          ;        ;        ; { TCLK } ;
; TRST       ; Base ; 1.000  ; 1000.0 MHz ; 0.000 ; 0.500 ;            ;           ;             ;       ;        ;           ;            ;          ;        ;        ; { TRST } ;
+------------+------+--------+------------+-------+-------+------------+-----------+-------------+-------+--------+-----------+------------+----------+--------+--------+----------+


+--------------------------------------------------+
; Fmax Summary                                     ;
+------------+-----------------+------------+------+
; Fmax       ; Restricted Fmax ; Clock Name ; Note ;
+------------+-----------------+------------+------+
; 158.05 MHz ; 158.05 MHz      ; TCLK       ;      ;
; 257.73 MHz ; 257.73 MHz      ; TRST       ;      ;
+------------+-----------------+------------+------+
This panel reports FMAX for every clock in the design, regardless of the user-specified clock periods.  FMAX is only computed for paths where the source and destination registers or ports are driven by the same clock.  Paths of different clocks, including generated clocks, are ignored.  For paths between a clock and its inversion, FMAX is computed as if the rising and falling edges are scaled along with FMAX, such that the duty cycle (in terms of a percentage) is maintained. Altera recommends that you always use clock constraints and other slack reports for sign-off analysis.


+--------------------------------+
; Setup Summary                  ;
+-------+--------+---------------+
; Clock ; Slack  ; End Point TNS ;
+-------+--------+---------------+
; TCLK  ; -5.652 ; -65.820       ;
; TRST  ; -4.198 ; -8.396        ;
+-------+--------+---------------+


+-------------------------------+
; Hold Summary                  ;
+-------+-------+---------------+
; Clock ; Slack ; End Point TNS ;
+-------+-------+---------------+
; TRST  ; 0.773 ; 0.000         ;
; TCLK  ; 0.992 ; 0.000         ;
+-------+-------+---------------+


+--------------------------------+
; Recovery Summary               ;
+-------+--------+---------------+
; Clock ; Slack  ; End Point TNS ;
+-------+--------+---------------+
; TCLK  ; -1.140 ; -5.700        ;
+-------+--------+---------------+


+-------------------------------+
; Removal Summary               ;
+-------+-------+---------------+
; Clock ; Slack ; End Point TNS ;
+-------+-------+---------------+
; TCLK  ; 1.086 ; 0.000         ;
+-------+-------+---------------+


+--------------------------------+
; Minimum Pulse Width Summary    ;
+-------+--------+---------------+
; Clock ; Slack  ; End Point TNS ;
+-------+--------+---------------+
; TCLK  ; -2.289 ; -2.289        ;
; TRST  ; -2.289 ; -2.289        ;
+-------+--------+---------------+


+------------------------------------------------------------------------------------------------------------------------------------------------------------------------------------+
; Setup: 'TCLK'                                                                                                                                                                      ;
+--------+--------------------------------------------------+--------------------------------------------------+--------------+-------------+--------------+------------+------------+
; Slack  ; From Node                                        ; To Node                                          ; Launch Clock ; Latch Clock ; Relationship ; Clock Skew ; Data Delay ;
+--------+--------------------------------------------------+--------------------------------------------------+--------------+-------------+--------------+------------+------------+
; -5.652 ; dut:dut1|endsem:dut1|dff_new:d_1|Q               ; Scan_Chain:scan_instance|Scan_Reg:Out_Reg|L1[0]  ; TRST         ; TCLK        ; 1.000        ; -1.994     ; 4.325      ;
; -5.327 ; Scan_Chain:scan_instance|Scan_Reg:In_Reg|L2[2]   ; Scan_Chain:scan_instance|Scan_Reg:Out_Reg|L1[0]  ; TCLK         ; TCLK        ; 1.000        ; 0.000      ; 5.994      ;
; -5.280 ; dut:dut1|endsem:dut1|dff_new:d_2|Q               ; Scan_Chain:scan_instance|Scan_Reg:Out_Reg|L1[0]  ; TRST         ; TCLK        ; 1.000        ; -1.994     ; 3.953      ;
; -5.153 ; Scan_Chain:scan_instance|current_state.s_shift   ; Scan_Chain:scan_instance|Scan_Reg:In_Reg|L2[1]   ; TCLK         ; TCLK        ; 1.000        ; 0.000      ; 5.820      ;
; -5.153 ; Scan_Chain:scan_instance|current_state.s_shift   ; Scan_Chain:scan_instance|Scan_Reg:In_Reg|L2[2]   ; TCLK         ; TCLK        ; 1.000        ; 0.000      ; 5.820      ;
; -5.153 ; Scan_Chain:scan_instance|current_state.s_shift   ; Scan_Chain:scan_instance|Scan_Reg:In_Reg|L2[0]   ; TCLK         ; TCLK        ; 1.000        ; 0.000      ; 5.820      ;
; -5.119 ; Scan_Chain:scan_instance|Scan_Reg:In_Reg|L2[1]   ; Scan_Chain:scan_instance|Scan_Reg:Out_Reg|L1[0]  ; TCLK         ; TCLK        ; 1.000        ; 0.000      ; 5.786      ;
; -4.938 ; Scan_Chain:scan_instance|current_state.s_idle    ; Scan_Chain:scan_instance|Scan_Reg:In_Reg|L1[2]   ; TCLK         ; TCLK        ; 1.000        ; 0.000      ; 5.605      ;
; -4.938 ; Scan_Chain:scan_instance|current_state.s_idle    ; Scan_Chain:scan_instance|Scan_Reg:In_Reg|L1[1]   ; TCLK         ; TCLK        ; 1.000        ; 0.000      ; 5.605      ;
; -4.938 ; Scan_Chain:scan_instance|current_state.s_idle    ; Scan_Chain:scan_instance|Scan_Reg:In_Reg|L1[0]   ; TCLK         ; TCLK        ; 1.000        ; 0.000      ; 5.605      ;
; -4.938 ; Scan_Chain:scan_instance|current_state.s_idle    ; Scan_Chain:scan_instance|Scan_Reg:In_Reg|L1[3]   ; TCLK         ; TCLK        ; 1.000        ; 0.000      ; 5.605      ;
; -4.938 ; Scan_Chain:scan_instance|current_state.s_idle    ; Scan_Chain:scan_instance|Scan_Reg:In_Reg|L1[4]   ; TCLK         ; TCLK        ; 1.000        ; 0.000      ; 5.605      ;
; -4.938 ; Scan_Chain:scan_instance|current_state.s_idle    ; Scan_Chain:scan_instance|Scan_Reg:In_Reg|L1[5]   ; TCLK         ; TCLK        ; 1.000        ; 0.000      ; 5.605      ;
; -4.938 ; Scan_Chain:scan_instance|current_state.s_idle    ; Scan_Chain:scan_instance|Scan_Reg:In_Reg|L1[6]   ; TCLK         ; TCLK        ; 1.000        ; 0.000      ; 5.605      ;
; -4.912 ; Scan_Chain:scan_instance|current_state.s_update  ; Scan_Chain:scan_instance|Scan_Reg:In_Reg|L1[2]   ; TCLK         ; TCLK        ; 1.000        ; 0.000      ; 5.579      ;
; -4.912 ; Scan_Chain:scan_instance|current_state.s_update  ; Scan_Chain:scan_instance|Scan_Reg:In_Reg|L1[1]   ; TCLK         ; TCLK        ; 1.000        ; 0.000      ; 5.579      ;
; -4.912 ; Scan_Chain:scan_instance|current_state.s_update  ; Scan_Chain:scan_instance|Scan_Reg:In_Reg|L1[0]   ; TCLK         ; TCLK        ; 1.000        ; 0.000      ; 5.579      ;
; -4.912 ; Scan_Chain:scan_instance|current_state.s_update  ; Scan_Chain:scan_instance|Scan_Reg:In_Reg|L1[3]   ; TCLK         ; TCLK        ; 1.000        ; 0.000      ; 5.579      ;
; -4.912 ; Scan_Chain:scan_instance|current_state.s_update  ; Scan_Chain:scan_instance|Scan_Reg:In_Reg|L1[4]   ; TCLK         ; TCLK        ; 1.000        ; 0.000      ; 5.579      ;
; -4.912 ; Scan_Chain:scan_instance|current_state.s_update  ; Scan_Chain:scan_instance|Scan_Reg:In_Reg|L1[5]   ; TCLK         ; TCLK        ; 1.000        ; 0.000      ; 5.579      ;
; -4.912 ; Scan_Chain:scan_instance|current_state.s_update  ; Scan_Chain:scan_instance|Scan_Reg:In_Reg|L1[6]   ; TCLK         ; TCLK        ; 1.000        ; 0.000      ; 5.579      ;
; -4.640 ; Scan_Chain:scan_instance|current_state.s_capture ; Scan_Chain:scan_instance|Scan_Reg:In_Reg|L2[1]   ; TCLK         ; TCLK        ; 1.000        ; 0.000      ; 5.307      ;
; -4.640 ; Scan_Chain:scan_instance|current_state.s_capture ; Scan_Chain:scan_instance|Scan_Reg:In_Reg|L2[2]   ; TCLK         ; TCLK        ; 1.000        ; 0.000      ; 5.307      ;
; -4.640 ; Scan_Chain:scan_instance|current_state.s_capture ; Scan_Chain:scan_instance|Scan_Reg:In_Reg|L2[0]   ; TCLK         ; TCLK        ; 1.000        ; 0.000      ; 5.307      ;
; -4.439 ; Scan_Chain:scan_instance|current_state.s_capture ; Scan_Chain:scan_instance|Scan_Reg:Out_Reg|L1[0]  ; TCLK         ; TCLK        ; 1.000        ; 0.000      ; 5.106      ;
; -3.896 ; Scan_Chain:scan_instance|current_state.s_shift   ; Scan_Chain:scan_instance|Scan_Reg:Out_Reg|L1[0]  ; TCLK         ; TCLK        ; 1.000        ; 0.000      ; 4.563      ;
; -3.694 ; Scan_Chain:scan_instance|Scan_Reg:In_Reg|L1[0]   ; Scan_Chain:scan_instance|Scan_Reg:Out_Reg|L1[0]  ; TCLK         ; TCLK        ; 1.000        ; 0.000      ; 4.361      ;
; -3.305 ; Scan_Chain:scan_instance|current_state.s_capture ; Scan_Chain:scan_instance|Scan_Reg:In_Reg|L1[1]   ; TCLK         ; TCLK        ; 1.000        ; 0.000      ; 3.972      ;
; -3.303 ; Scan_Chain:scan_instance|current_state.s_capture ; Scan_Chain:scan_instance|Scan_Reg:In_Reg|L1[5]   ; TCLK         ; TCLK        ; 1.000        ; 0.000      ; 3.970      ;
; -3.296 ; Scan_Chain:scan_instance|current_state.s_capture ; Scan_Chain:scan_instance|Scan_Reg:In_Reg|L1[3]   ; TCLK         ; TCLK        ; 1.000        ; 0.000      ; 3.963      ;
; -3.294 ; Scan_Chain:scan_instance|current_state.s_capture ; Scan_Chain:scan_instance|Scan_Reg:In_Reg|L1[4]   ; TCLK         ; TCLK        ; 1.000        ; 0.000      ; 3.961      ;
; -3.293 ; Scan_Chain:scan_instance|current_state.s_capture ; Scan_Chain:scan_instance|Scan_Reg:In_Reg|L1[6]   ; TCLK         ; TCLK        ; 1.000        ; 0.000      ; 3.960      ;
; -3.242 ; Scan_Chain:scan_instance|current_state.s_update  ; Scan_Chain:scan_instance|Scan_Reg:Out_Reg|L1[0]  ; TCLK         ; TCLK        ; 1.000        ; 0.000      ; 3.909      ;
; -3.190 ; Scan_Chain:scan_instance|current_state.s_capture ; Scan_Chain:scan_instance|Scan_Reg:In_Reg|L1[2]   ; TCLK         ; TCLK        ; 1.000        ; 0.000      ; 3.857      ;
; -3.189 ; Scan_Chain:scan_instance|current_state.s_capture ; Scan_Chain:scan_instance|Scan_Reg:In_Reg|L1[0]   ; TCLK         ; TCLK        ; 1.000        ; 0.000      ; 3.856      ;
; -2.762 ; Scan_Chain:scan_instance|current_state.s_shift   ; Scan_Chain:scan_instance|Scan_Reg:In_Reg|L1[1]   ; TCLK         ; TCLK        ; 1.000        ; 0.000      ; 3.429      ;
; -2.760 ; Scan_Chain:scan_instance|current_state.s_shift   ; Scan_Chain:scan_instance|Scan_Reg:In_Reg|L1[5]   ; TCLK         ; TCLK        ; 1.000        ; 0.000      ; 3.427      ;
; -2.753 ; Scan_Chain:scan_instance|current_state.s_shift   ; Scan_Chain:scan_instance|Scan_Reg:In_Reg|L1[3]   ; TCLK         ; TCLK        ; 1.000        ; 0.000      ; 3.420      ;
; -2.751 ; Scan_Chain:scan_instance|current_state.s_shift   ; Scan_Chain:scan_instance|Scan_Reg:In_Reg|L1[4]   ; TCLK         ; TCLK        ; 1.000        ; 0.000      ; 3.418      ;
; -2.750 ; Scan_Chain:scan_instance|current_state.s_shift   ; Scan_Chain:scan_instance|Scan_Reg:In_Reg|L1[6]   ; TCLK         ; TCLK        ; 1.000        ; 0.000      ; 3.417      ;
; -2.647 ; Scan_Chain:scan_instance|current_state.s_shift   ; Scan_Chain:scan_instance|Scan_Reg:In_Reg|L1[2]   ; TCLK         ; TCLK        ; 1.000        ; 0.000      ; 3.314      ;
; -2.646 ; Scan_Chain:scan_instance|current_state.s_shift   ; Scan_Chain:scan_instance|Scan_Reg:In_Reg|L1[0]   ; TCLK         ; TCLK        ; 1.000        ; 0.000      ; 3.313      ;
; -2.577 ; Scan_Chain:scan_instance|current_state.s_idle    ; Scan_Chain:scan_instance|current_state.s_DR      ; TCLK         ; TCLK        ; 1.000        ; 0.000      ; 3.244      ;
; -2.569 ; TRST                                             ; Scan_Chain:scan_instance|Scan_Reg:Out_Reg|L1[0]  ; TRST         ; TCLK        ; 0.500        ; 7.546      ; 10.282     ;
; -2.561 ; Scan_Chain:scan_instance|current_state.s_idle    ; Scan_Chain:scan_instance|Scan_Reg:Out_Reg|L1[0]  ; TCLK         ; TCLK        ; 1.000        ; 0.000      ; 3.228      ;
; -2.337 ; Scan_Chain:scan_instance|current_state.s_DR      ; Scan_Chain:scan_instance|current_state.s_DR      ; TCLK         ; TCLK        ; 1.000        ; 0.000      ; 3.004      ;
; -2.336 ; Scan_Chain:scan_instance|current_state.s_DR      ; Scan_Chain:scan_instance|current_state.s_capture ; TCLK         ; TCLK        ; 1.000        ; 0.000      ; 3.003      ;
; -2.317 ; Scan_Chain:scan_instance|Scan_Reg:In_Reg|L1[1]   ; Scan_Chain:scan_instance|Scan_Reg:In_Reg|L2[1]   ; TCLK         ; TCLK        ; 1.000        ; 0.000      ; 2.984      ;
; -2.309 ; Scan_Chain:scan_instance|current_state.s_update  ; Scan_Chain:scan_instance|current_state.s_idle    ; TCLK         ; TCLK        ; 1.000        ; 0.000      ; 2.976      ;
; -2.194 ; Scan_Chain:scan_instance|Scan_Reg:In_Reg|L1[2]   ; Scan_Chain:scan_instance|Scan_Reg:In_Reg|L2[2]   ; TCLK         ; TCLK        ; 1.000        ; 0.000      ; 2.861      ;
; -2.155 ; Scan_Chain:scan_instance|Scan_Reg:In_Reg|L1[0]   ; Scan_Chain:scan_instance|Scan_Reg:In_Reg|L2[0]   ; TCLK         ; TCLK        ; 1.000        ; 0.000      ; 2.822      ;
; -2.069 ; TRST                                             ; Scan_Chain:scan_instance|Scan_Reg:Out_Reg|L1[0]  ; TRST         ; TCLK        ; 1.000        ; 7.546      ; 10.282     ;
; -1.683 ; Scan_Chain:scan_instance|current_state.s_shift   ; Scan_Chain:scan_instance|current_state.s_update  ; TCLK         ; TCLK        ; 1.000        ; 0.000      ; 2.350      ;
; -1.680 ; Scan_Chain:scan_instance|Scan_Reg:Out_Reg|L1[0]  ; Scan_Chain:scan_instance|Scan_Reg:Out_Reg|L1[0]  ; TCLK         ; TCLK        ; 1.000        ; 0.000      ; 2.347      ;
; -1.676 ; Scan_Chain:scan_instance|Scan_Reg:In_Reg|L1[1]   ; Scan_Chain:scan_instance|Scan_Reg:In_Reg|L1[0]   ; TCLK         ; TCLK        ; 1.000        ; 0.000      ; 2.343      ;
; -1.675 ; Scan_Chain:scan_instance|Scan_Reg:In_Reg|L1[2]   ; Scan_Chain:scan_instance|Scan_Reg:In_Reg|L1[1]   ; TCLK         ; TCLK        ; 1.000        ; 0.000      ; 2.342      ;
; -1.519 ; Scan_Chain:scan_instance|current_state.s_idle    ; Scan_Chain:scan_instance|current_state.s_idle    ; TCLK         ; TCLK        ; 1.000        ; 0.000      ; 2.186      ;
; -1.477 ; Scan_Chain:scan_instance|Scan_Reg:In_Reg|L1[5]   ; Scan_Chain:scan_instance|Scan_Reg:In_Reg|L1[4]   ; TCLK         ; TCLK        ; 1.000        ; 0.000      ; 2.144      ;
; -1.477 ; Scan_Chain:scan_instance|Scan_Reg:In_Reg|L1[6]   ; Scan_Chain:scan_instance|Scan_Reg:In_Reg|L1[5]   ; TCLK         ; TCLK        ; 1.000        ; 0.000      ; 2.144      ;
; -1.473 ; Scan_Chain:scan_instance|Scan_Reg:In_Reg|L1[4]   ; Scan_Chain:scan_instance|Scan_Reg:In_Reg|L1[3]   ; TCLK         ; TCLK        ; 1.000        ; 0.000      ; 2.140      ;
; -1.455 ; Scan_Chain:scan_instance|Scan_Reg:In_Reg|L1[3]   ; Scan_Chain:scan_instance|Scan_Reg:In_Reg|L1[2]   ; TCLK         ; TCLK        ; 1.000        ; 0.000      ; 2.122      ;
; -1.331 ; TRST                                             ; Scan_Chain:scan_instance|Scan_Reg:In_Reg|L1[2]   ; TRST         ; TCLK        ; 0.500        ; 7.546      ; 9.044      ;
; -1.331 ; TRST                                             ; Scan_Chain:scan_instance|Scan_Reg:In_Reg|L1[1]   ; TRST         ; TCLK        ; 0.500        ; 7.546      ; 9.044      ;
; -1.331 ; TRST                                             ; Scan_Chain:scan_instance|Scan_Reg:In_Reg|L1[0]   ; TRST         ; TCLK        ; 0.500        ; 7.546      ; 9.044      ;
; -1.331 ; TRST                                             ; Scan_Chain:scan_instance|Scan_Reg:In_Reg|L1[3]   ; TRST         ; TCLK        ; 0.500        ; 7.546      ; 9.044      ;
; -1.331 ; TRST                                             ; Scan_Chain:scan_instance|Scan_Reg:In_Reg|L1[4]   ; TRST         ; TCLK        ; 0.500        ; 7.546      ; 9.044      ;
; -1.331 ; TRST                                             ; Scan_Chain:scan_instance|Scan_Reg:In_Reg|L1[5]   ; TRST         ; TCLK        ; 0.500        ; 7.546      ; 9.044      ;
; -1.331 ; TRST                                             ; Scan_Chain:scan_instance|Scan_Reg:In_Reg|L1[6]   ; TRST         ; TCLK        ; 0.500        ; 7.546      ; 9.044      ;
; -1.240 ; Scan_Chain:scan_instance|current_state.s_capture ; Scan_Chain:scan_instance|current_state.s_update  ; TCLK         ; TCLK        ; 1.000        ; 0.000      ; 1.907      ;
; -1.238 ; Scan_Chain:scan_instance|current_state.s_capture ; Scan_Chain:scan_instance|current_state.s_shift   ; TCLK         ; TCLK        ; 1.000        ; 0.000      ; 1.905      ;
; -1.176 ; TRST                                             ; Scan_Chain:scan_instance|Scan_Reg:In_Reg|L2[2]   ; TRST         ; TCLK        ; 0.500        ; 7.546      ; 8.889      ;
; -1.169 ; TRST                                             ; Scan_Chain:scan_instance|Scan_Reg:In_Reg|L2[0]   ; TRST         ; TCLK        ; 0.500        ; 7.546      ; 8.882      ;
; -1.168 ; TRST                                             ; Scan_Chain:scan_instance|Scan_Reg:In_Reg|L2[1]   ; TRST         ; TCLK        ; 0.500        ; 7.546      ; 8.881      ;
; -0.831 ; TRST                                             ; Scan_Chain:scan_instance|Scan_Reg:In_Reg|L1[2]   ; TRST         ; TCLK        ; 1.000        ; 7.546      ; 9.044      ;
; -0.831 ; TRST                                             ; Scan_Chain:scan_instance|Scan_Reg:In_Reg|L1[1]   ; TRST         ; TCLK        ; 1.000        ; 7.546      ; 9.044      ;
; -0.831 ; TRST                                             ; Scan_Chain:scan_instance|Scan_Reg:In_Reg|L1[0]   ; TRST         ; TCLK        ; 1.000        ; 7.546      ; 9.044      ;
; -0.831 ; TRST                                             ; Scan_Chain:scan_instance|Scan_Reg:In_Reg|L1[3]   ; TRST         ; TCLK        ; 1.000        ; 7.546      ; 9.044      ;
; -0.831 ; TRST                                             ; Scan_Chain:scan_instance|Scan_Reg:In_Reg|L1[4]   ; TRST         ; TCLK        ; 1.000        ; 7.546      ; 9.044      ;
; -0.831 ; TRST                                             ; Scan_Chain:scan_instance|Scan_Reg:In_Reg|L1[5]   ; TRST         ; TCLK        ; 1.000        ; 7.546      ; 9.044      ;
; -0.831 ; TRST                                             ; Scan_Chain:scan_instance|Scan_Reg:In_Reg|L1[6]   ; TRST         ; TCLK        ; 1.000        ; 7.546      ; 9.044      ;
; -0.676 ; TRST                                             ; Scan_Chain:scan_instance|Scan_Reg:In_Reg|L2[2]   ; TRST         ; TCLK        ; 1.000        ; 7.546      ; 8.889      ;
; -0.669 ; TRST                                             ; Scan_Chain:scan_instance|Scan_Reg:In_Reg|L2[0]   ; TRST         ; TCLK        ; 1.000        ; 7.546      ; 8.882      ;
; -0.668 ; TRST                                             ; Scan_Chain:scan_instance|Scan_Reg:In_Reg|L2[1]   ; TRST         ; TCLK        ; 1.000        ; 7.546      ; 8.881      ;
; -0.632 ; Scan_Chain:scan_instance|current_state.s_shift   ; Scan_Chain:scan_instance|current_state.s_shift   ; TCLK         ; TCLK        ; 1.000        ; 0.000      ; 1.299      ;
+--------+--------------------------------------------------+--------------------------------------------------+--------------+-------------+--------------+------------+------------+


+--------------------------------------------------------------------------------------------------------------------------------------------------------------------+
; Setup: 'TRST'                                                                                                                                                      ;
+--------+------------------------------------------------+------------------------------------+--------------+-------------+--------------+------------+------------+
; Slack  ; From Node                                      ; To Node                            ; Launch Clock ; Latch Clock ; Relationship ; Clock Skew ; Data Delay ;
+--------+------------------------------------------------+------------------------------------+--------------+-------------+--------------+------------+------------+
; -4.198 ; Scan_Chain:scan_instance|Scan_Reg:In_Reg|L2[2] ; dut:dut1|endsem:dut1|dff_new:d_2|Q ; TCLK         ; TRST        ; 1.000        ; 1.994      ; 6.859      ;
; -4.198 ; Scan_Chain:scan_instance|Scan_Reg:In_Reg|L2[2] ; dut:dut1|endsem:dut1|dff_new:d_1|Q ; TCLK         ; TRST        ; 1.000        ; 1.994      ; 6.859      ;
; -3.787 ; Scan_Chain:scan_instance|Scan_Reg:In_Reg|L2[1] ; dut:dut1|endsem:dut1|dff_new:d_1|Q ; TCLK         ; TRST        ; 1.000        ; 1.994      ; 6.448      ;
; -3.762 ; Scan_Chain:scan_instance|Scan_Reg:In_Reg|L2[1] ; dut:dut1|endsem:dut1|dff_new:d_2|Q ; TCLK         ; TRST        ; 1.000        ; 1.994      ; 6.423      ;
; -1.525 ; dut:dut1|endsem:dut1|dff_new:d_1|Q             ; dut:dut1|endsem:dut1|dff_new:d_2|Q ; TRST         ; TRST        ; 1.000        ; 0.000      ; 2.192      ;
; -1.524 ; dut:dut1|endsem:dut1|dff_new:d_1|Q             ; dut:dut1|endsem:dut1|dff_new:d_1|Q ; TRST         ; TRST        ; 1.000        ; 0.000      ; 2.191      ;
; -1.440 ; TRST                                           ; dut:dut1|endsem:dut1|dff_new:d_2|Q ; TRST         ; TRST        ; 0.500        ; 9.540      ; 11.147     ;
; -1.440 ; TRST                                           ; dut:dut1|endsem:dut1|dff_new:d_1|Q ; TRST         ; TRST        ; 0.500        ; 9.540      ; 11.147     ;
; -1.251 ; dut:dut1|endsem:dut1|dff_new:d_2|Q             ; dut:dut1|endsem:dut1|dff_new:d_1|Q ; TRST         ; TRST        ; 1.000        ; 0.000      ; 1.918      ;
; -1.249 ; dut:dut1|endsem:dut1|dff_new:d_2|Q             ; dut:dut1|endsem:dut1|dff_new:d_2|Q ; TRST         ; TRST        ; 1.000        ; 0.000      ; 1.916      ;
; -0.940 ; TRST                                           ; dut:dut1|endsem:dut1|dff_new:d_2|Q ; TRST         ; TRST        ; 1.000        ; 9.540      ; 11.147     ;
; -0.940 ; TRST                                           ; dut:dut1|endsem:dut1|dff_new:d_1|Q ; TRST         ; TRST        ; 1.000        ; 9.540      ; 11.147     ;
+--------+------------------------------------------------+------------------------------------+--------------+-------------+--------------+------------+------------+


+-------------------------------------------------------------------------------------------------------------------------------------------------------------------+
; Hold: 'TRST'                                                                                                                                                      ;
+-------+------------------------------------------------+------------------------------------+--------------+-------------+--------------+------------+------------+
; Slack ; From Node                                      ; To Node                            ; Launch Clock ; Latch Clock ; Relationship ; Clock Skew ; Data Delay ;
+-------+------------------------------------------------+------------------------------------+--------------+-------------+--------------+------------+------------+
; 0.773 ; TRST                                           ; dut:dut1|endsem:dut1|dff_new:d_2|Q ; TRST         ; TRST        ; 0.000        ; 9.540      ; 10.534     ;
; 0.798 ; TRST                                           ; dut:dut1|endsem:dut1|dff_new:d_1|Q ; TRST         ; TRST        ; 0.000        ; 9.540      ; 10.559     ;
; 1.273 ; TRST                                           ; dut:dut1|endsem:dut1|dff_new:d_2|Q ; TRST         ; TRST        ; -0.500       ; 9.540      ; 10.534     ;
; 1.298 ; TRST                                           ; dut:dut1|endsem:dut1|dff_new:d_1|Q ; TRST         ; TRST        ; -0.500       ; 9.540      ; 10.559     ;
; 1.695 ; dut:dut1|endsem:dut1|dff_new:d_2|Q             ; dut:dut1|endsem:dut1|dff_new:d_2|Q ; TRST         ; TRST        ; 0.000        ; 0.000      ; 1.916      ;
; 1.697 ; dut:dut1|endsem:dut1|dff_new:d_2|Q             ; dut:dut1|endsem:dut1|dff_new:d_1|Q ; TRST         ; TRST        ; 0.000        ; 0.000      ; 1.918      ;
; 1.970 ; dut:dut1|endsem:dut1|dff_new:d_1|Q             ; dut:dut1|endsem:dut1|dff_new:d_1|Q ; TRST         ; TRST        ; 0.000        ; 0.000      ; 2.191      ;
; 1.971 ; dut:dut1|endsem:dut1|dff_new:d_1|Q             ; dut:dut1|endsem:dut1|dff_new:d_2|Q ; TRST         ; TRST        ; 0.000        ; 0.000      ; 2.192      ;
; 4.208 ; Scan_Chain:scan_instance|Scan_Reg:In_Reg|L2[1] ; dut:dut1|endsem:dut1|dff_new:d_2|Q ; TCLK         ; TRST        ; 0.000        ; 1.994      ; 6.423      ;
; 4.233 ; Scan_Chain:scan_instance|Scan_Reg:In_Reg|L2[1] ; dut:dut1|endsem:dut1|dff_new:d_1|Q ; TCLK         ; TRST        ; 0.000        ; 1.994      ; 6.448      ;
; 4.644 ; Scan_Chain:scan_instance|Scan_Reg:In_Reg|L2[2] ; dut:dut1|endsem:dut1|dff_new:d_2|Q ; TCLK         ; TRST        ; 0.000        ; 1.994      ; 6.859      ;
; 4.644 ; Scan_Chain:scan_instance|Scan_Reg:In_Reg|L2[2] ; dut:dut1|endsem:dut1|dff_new:d_1|Q ; TCLK         ; TRST        ; 0.000        ; 1.994      ; 6.859      ;
+-------+------------------------------------------------+------------------------------------+--------------+-------------+--------------+------------+------------+


+-----------------------------------------------------------------------------------------------------------------------------------------------------------------------------------+
; Hold: 'TCLK'                                                                                                                                                                      ;
+-------+--------------------------------------------------+--------------------------------------------------+--------------+-------------+--------------+------------+------------+
; Slack ; From Node                                        ; To Node                                          ; Launch Clock ; Latch Clock ; Relationship ; Clock Skew ; Data Delay ;
+-------+--------------------------------------------------+--------------------------------------------------+--------------+-------------+--------------+------------+------------+
; 0.992 ; TRST                                             ; Scan_Chain:scan_instance|Scan_Reg:In_Reg|L2[1]   ; TRST         ; TCLK        ; 0.000        ; 7.546      ; 8.759      ;
; 0.992 ; TRST                                             ; Scan_Chain:scan_instance|Scan_Reg:In_Reg|L2[2]   ; TRST         ; TCLK        ; 0.000        ; 7.546      ; 8.759      ;
; 0.992 ; TRST                                             ; Scan_Chain:scan_instance|Scan_Reg:In_Reg|L2[0]   ; TRST         ; TCLK        ; 0.000        ; 7.546      ; 8.759      ;
; 1.078 ; Scan_Chain:scan_instance|current_state.s_shift   ; Scan_Chain:scan_instance|current_state.s_shift   ; TCLK         ; TCLK        ; 0.000        ; 0.000      ; 1.299      ;
; 1.221 ; TRST                                             ; Scan_Chain:scan_instance|Scan_Reg:In_Reg|L1[1]   ; TRST         ; TCLK        ; 0.000        ; 7.546      ; 8.988      ;
; 1.224 ; TRST                                             ; Scan_Chain:scan_instance|Scan_Reg:In_Reg|L1[5]   ; TRST         ; TCLK        ; 0.000        ; 7.546      ; 8.991      ;
; 1.231 ; TRST                                             ; Scan_Chain:scan_instance|Scan_Reg:In_Reg|L1[2]   ; TRST         ; TCLK        ; 0.000        ; 7.546      ; 8.998      ;
; 1.233 ; TRST                                             ; Scan_Chain:scan_instance|Scan_Reg:In_Reg|L1[0]   ; TRST         ; TCLK        ; 0.000        ; 7.546      ; 9.000      ;
; 1.235 ; TRST                                             ; Scan_Chain:scan_instance|Scan_Reg:In_Reg|L1[3]   ; TRST         ; TCLK        ; 0.000        ; 7.546      ; 9.002      ;
; 1.236 ; TRST                                             ; Scan_Chain:scan_instance|Scan_Reg:In_Reg|L1[6]   ; TRST         ; TCLK        ; 0.000        ; 7.546      ; 9.003      ;
; 1.237 ; TRST                                             ; Scan_Chain:scan_instance|Scan_Reg:In_Reg|L1[4]   ; TRST         ; TCLK        ; 0.000        ; 7.546      ; 9.004      ;
; 1.315 ; TRST                                             ; Scan_Chain:scan_instance|Scan_Reg:Out_Reg|L1[0]  ; TRST         ; TCLK        ; 0.000        ; 7.546      ; 9.082      ;
; 1.492 ; TRST                                             ; Scan_Chain:scan_instance|Scan_Reg:In_Reg|L2[1]   ; TRST         ; TCLK        ; -0.500       ; 7.546      ; 8.759      ;
; 1.492 ; TRST                                             ; Scan_Chain:scan_instance|Scan_Reg:In_Reg|L2[2]   ; TRST         ; TCLK        ; -0.500       ; 7.546      ; 8.759      ;
; 1.492 ; TRST                                             ; Scan_Chain:scan_instance|Scan_Reg:In_Reg|L2[0]   ; TRST         ; TCLK        ; -0.500       ; 7.546      ; 8.759      ;
; 1.684 ; Scan_Chain:scan_instance|current_state.s_capture ; Scan_Chain:scan_instance|current_state.s_shift   ; TCLK         ; TCLK        ; 0.000        ; 0.000      ; 1.905      ;
; 1.686 ; Scan_Chain:scan_instance|current_state.s_capture ; Scan_Chain:scan_instance|current_state.s_update  ; TCLK         ; TCLK        ; 0.000        ; 0.000      ; 1.907      ;
; 1.721 ; TRST                                             ; Scan_Chain:scan_instance|Scan_Reg:In_Reg|L1[1]   ; TRST         ; TCLK        ; -0.500       ; 7.546      ; 8.988      ;
; 1.724 ; TRST                                             ; Scan_Chain:scan_instance|Scan_Reg:In_Reg|L1[5]   ; TRST         ; TCLK        ; -0.500       ; 7.546      ; 8.991      ;
; 1.731 ; TRST                                             ; Scan_Chain:scan_instance|Scan_Reg:In_Reg|L1[2]   ; TRST         ; TCLK        ; -0.500       ; 7.546      ; 8.998      ;
; 1.733 ; TRST                                             ; Scan_Chain:scan_instance|Scan_Reg:In_Reg|L1[0]   ; TRST         ; TCLK        ; -0.500       ; 7.546      ; 9.000      ;
; 1.735 ; TRST                                             ; Scan_Chain:scan_instance|Scan_Reg:In_Reg|L1[3]   ; TRST         ; TCLK        ; -0.500       ; 7.546      ; 9.002      ;
; 1.736 ; TRST                                             ; Scan_Chain:scan_instance|Scan_Reg:In_Reg|L1[6]   ; TRST         ; TCLK        ; -0.500       ; 7.546      ; 9.003      ;
; 1.737 ; TRST                                             ; Scan_Chain:scan_instance|Scan_Reg:In_Reg|L1[4]   ; TRST         ; TCLK        ; -0.500       ; 7.546      ; 9.004      ;
; 1.815 ; TRST                                             ; Scan_Chain:scan_instance|Scan_Reg:Out_Reg|L1[0]  ; TRST         ; TCLK        ; -0.500       ; 7.546      ; 9.082      ;
; 1.901 ; Scan_Chain:scan_instance|Scan_Reg:In_Reg|L1[3]   ; Scan_Chain:scan_instance|Scan_Reg:In_Reg|L1[2]   ; TCLK         ; TCLK        ; 0.000        ; 0.000      ; 2.122      ;
; 1.919 ; Scan_Chain:scan_instance|Scan_Reg:In_Reg|L1[4]   ; Scan_Chain:scan_instance|Scan_Reg:In_Reg|L1[3]   ; TCLK         ; TCLK        ; 0.000        ; 0.000      ; 2.140      ;
; 1.923 ; Scan_Chain:scan_instance|Scan_Reg:In_Reg|L1[5]   ; Scan_Chain:scan_instance|Scan_Reg:In_Reg|L1[4]   ; TCLK         ; TCLK        ; 0.000        ; 0.000      ; 2.144      ;
; 1.923 ; Scan_Chain:scan_instance|Scan_Reg:In_Reg|L1[6]   ; Scan_Chain:scan_instance|Scan_Reg:In_Reg|L1[5]   ; TCLK         ; TCLK        ; 0.000        ; 0.000      ; 2.144      ;
; 1.965 ; Scan_Chain:scan_instance|current_state.s_idle    ; Scan_Chain:scan_instance|current_state.s_idle    ; TCLK         ; TCLK        ; 0.000        ; 0.000      ; 2.186      ;
; 2.121 ; Scan_Chain:scan_instance|Scan_Reg:In_Reg|L1[2]   ; Scan_Chain:scan_instance|Scan_Reg:In_Reg|L1[1]   ; TCLK         ; TCLK        ; 0.000        ; 0.000      ; 2.342      ;
; 2.122 ; Scan_Chain:scan_instance|Scan_Reg:In_Reg|L1[1]   ; Scan_Chain:scan_instance|Scan_Reg:In_Reg|L1[0]   ; TCLK         ; TCLK        ; 0.000        ; 0.000      ; 2.343      ;
; 2.126 ; Scan_Chain:scan_instance|Scan_Reg:Out_Reg|L1[0]  ; Scan_Chain:scan_instance|Scan_Reg:Out_Reg|L1[0]  ; TCLK         ; TCLK        ; 0.000        ; 0.000      ; 2.347      ;
; 2.129 ; Scan_Chain:scan_instance|current_state.s_shift   ; Scan_Chain:scan_instance|current_state.s_update  ; TCLK         ; TCLK        ; 0.000        ; 0.000      ; 2.350      ;
; 2.601 ; Scan_Chain:scan_instance|Scan_Reg:In_Reg|L1[0]   ; Scan_Chain:scan_instance|Scan_Reg:In_Reg|L2[0]   ; TCLK         ; TCLK        ; 0.000        ; 0.000      ; 2.822      ;
; 2.640 ; Scan_Chain:scan_instance|Scan_Reg:In_Reg|L1[2]   ; Scan_Chain:scan_instance|Scan_Reg:In_Reg|L2[2]   ; TCLK         ; TCLK        ; 0.000        ; 0.000      ; 2.861      ;
; 2.755 ; Scan_Chain:scan_instance|current_state.s_update  ; Scan_Chain:scan_instance|current_state.s_idle    ; TCLK         ; TCLK        ; 0.000        ; 0.000      ; 2.976      ;
; 2.763 ; Scan_Chain:scan_instance|Scan_Reg:In_Reg|L1[1]   ; Scan_Chain:scan_instance|Scan_Reg:In_Reg|L2[1]   ; TCLK         ; TCLK        ; 0.000        ; 0.000      ; 2.984      ;
; 2.782 ; Scan_Chain:scan_instance|current_state.s_DR      ; Scan_Chain:scan_instance|current_state.s_capture ; TCLK         ; TCLK        ; 0.000        ; 0.000      ; 3.003      ;
; 2.783 ; Scan_Chain:scan_instance|current_state.s_DR      ; Scan_Chain:scan_instance|current_state.s_DR      ; TCLK         ; TCLK        ; 0.000        ; 0.000      ; 3.004      ;
; 3.007 ; Scan_Chain:scan_instance|current_state.s_idle    ; Scan_Chain:scan_instance|Scan_Reg:Out_Reg|L1[0]  ; TCLK         ; TCLK        ; 0.000        ; 0.000      ; 3.228      ;
; 3.023 ; Scan_Chain:scan_instance|current_state.s_idle    ; Scan_Chain:scan_instance|current_state.s_DR      ; TCLK         ; TCLK        ; 0.000        ; 0.000      ; 3.244      ;
; 3.092 ; Scan_Chain:scan_instance|current_state.s_shift   ; Scan_Chain:scan_instance|Scan_Reg:In_Reg|L1[0]   ; TCLK         ; TCLK        ; 0.000        ; 0.000      ; 3.313      ;
; 3.093 ; Scan_Chain:scan_instance|current_state.s_shift   ; Scan_Chain:scan_instance|Scan_Reg:In_Reg|L1[2]   ; TCLK         ; TCLK        ; 0.000        ; 0.000      ; 3.314      ;
; 3.196 ; Scan_Chain:scan_instance|current_state.s_shift   ; Scan_Chain:scan_instance|Scan_Reg:In_Reg|L1[6]   ; TCLK         ; TCLK        ; 0.000        ; 0.000      ; 3.417      ;
; 3.197 ; Scan_Chain:scan_instance|current_state.s_shift   ; Scan_Chain:scan_instance|Scan_Reg:In_Reg|L1[4]   ; TCLK         ; TCLK        ; 0.000        ; 0.000      ; 3.418      ;
; 3.199 ; Scan_Chain:scan_instance|current_state.s_shift   ; Scan_Chain:scan_instance|Scan_Reg:In_Reg|L1[3]   ; TCLK         ; TCLK        ; 0.000        ; 0.000      ; 3.420      ;
; 3.206 ; Scan_Chain:scan_instance|current_state.s_shift   ; Scan_Chain:scan_instance|Scan_Reg:In_Reg|L1[5]   ; TCLK         ; TCLK        ; 0.000        ; 0.000      ; 3.427      ;
; 3.208 ; Scan_Chain:scan_instance|current_state.s_shift   ; Scan_Chain:scan_instance|Scan_Reg:In_Reg|L1[1]   ; TCLK         ; TCLK        ; 0.000        ; 0.000      ; 3.429      ;
; 3.635 ; Scan_Chain:scan_instance|current_state.s_capture ; Scan_Chain:scan_instance|Scan_Reg:In_Reg|L1[0]   ; TCLK         ; TCLK        ; 0.000        ; 0.000      ; 3.856      ;
; 3.636 ; Scan_Chain:scan_instance|current_state.s_capture ; Scan_Chain:scan_instance|Scan_Reg:In_Reg|L1[2]   ; TCLK         ; TCLK        ; 0.000        ; 0.000      ; 3.857      ;
; 3.688 ; Scan_Chain:scan_instance|current_state.s_update  ; Scan_Chain:scan_instance|Scan_Reg:Out_Reg|L1[0]  ; TCLK         ; TCLK        ; 0.000        ; 0.000      ; 3.909      ;
; 3.739 ; Scan_Chain:scan_instance|current_state.s_capture ; Scan_Chain:scan_instance|Scan_Reg:In_Reg|L1[6]   ; TCLK         ; TCLK        ; 0.000        ; 0.000      ; 3.960      ;
; 3.740 ; Scan_Chain:scan_instance|current_state.s_capture ; Scan_Chain:scan_instance|Scan_Reg:In_Reg|L1[4]   ; TCLK         ; TCLK        ; 0.000        ; 0.000      ; 3.961      ;
; 3.742 ; Scan_Chain:scan_instance|current_state.s_capture ; Scan_Chain:scan_instance|Scan_Reg:In_Reg|L1[3]   ; TCLK         ; TCLK        ; 0.000        ; 0.000      ; 3.963      ;
; 3.749 ; Scan_Chain:scan_instance|current_state.s_capture ; Scan_Chain:scan_instance|Scan_Reg:In_Reg|L1[5]   ; TCLK         ; TCLK        ; 0.000        ; 0.000      ; 3.970      ;
; 3.751 ; Scan_Chain:scan_instance|current_state.s_capture ; Scan_Chain:scan_instance|Scan_Reg:In_Reg|L1[1]   ; TCLK         ; TCLK        ; 0.000        ; 0.000      ; 3.972      ;
; 4.140 ; Scan_Chain:scan_instance|Scan_Reg:In_Reg|L1[0]   ; Scan_Chain:scan_instance|Scan_Reg:Out_Reg|L1[0]  ; TCLK         ; TCLK        ; 0.000        ; 0.000      ; 4.361      ;
; 4.342 ; Scan_Chain:scan_instance|current_state.s_shift   ; Scan_Chain:scan_instance|Scan_Reg:Out_Reg|L1[0]  ; TCLK         ; TCLK        ; 0.000        ; 0.000      ; 4.563      ;
; 4.885 ; Scan_Chain:scan_instance|current_state.s_capture ; Scan_Chain:scan_instance|Scan_Reg:Out_Reg|L1[0]  ; TCLK         ; TCLK        ; 0.000        ; 0.000      ; 5.106      ;
; 5.086 ; Scan_Chain:scan_instance|current_state.s_capture ; Scan_Chain:scan_instance|Scan_Reg:In_Reg|L2[1]   ; TCLK         ; TCLK        ; 0.000        ; 0.000      ; 5.307      ;
; 5.086 ; Scan_Chain:scan_instance|current_state.s_capture ; Scan_Chain:scan_instance|Scan_Reg:In_Reg|L2[2]   ; TCLK         ; TCLK        ; 0.000        ; 0.000      ; 5.307      ;
; 5.086 ; Scan_Chain:scan_instance|current_state.s_capture ; Scan_Chain:scan_instance|Scan_Reg:In_Reg|L2[0]   ; TCLK         ; TCLK        ; 0.000        ; 0.000      ; 5.307      ;
; 5.358 ; Scan_Chain:scan_instance|current_state.s_update  ; Scan_Chain:scan_instance|Scan_Reg:In_Reg|L1[2]   ; TCLK         ; TCLK        ; 0.000        ; 0.000      ; 5.579      ;
; 5.358 ; Scan_Chain:scan_instance|current_state.s_update  ; Scan_Chain:scan_instance|Scan_Reg:In_Reg|L1[1]   ; TCLK         ; TCLK        ; 0.000        ; 0.000      ; 5.579      ;
; 5.358 ; Scan_Chain:scan_instance|current_state.s_update  ; Scan_Chain:scan_instance|Scan_Reg:In_Reg|L1[0]   ; TCLK         ; TCLK        ; 0.000        ; 0.000      ; 5.579      ;
; 5.358 ; Scan_Chain:scan_instance|current_state.s_update  ; Scan_Chain:scan_instance|Scan_Reg:In_Reg|L1[3]   ; TCLK         ; TCLK        ; 0.000        ; 0.000      ; 5.579      ;
; 5.358 ; Scan_Chain:scan_instance|current_state.s_update  ; Scan_Chain:scan_instance|Scan_Reg:In_Reg|L1[4]   ; TCLK         ; TCLK        ; 0.000        ; 0.000      ; 5.579      ;
; 5.358 ; Scan_Chain:scan_instance|current_state.s_update  ; Scan_Chain:scan_instance|Scan_Reg:In_Reg|L1[5]   ; TCLK         ; TCLK        ; 0.000        ; 0.000      ; 5.579      ;
; 5.358 ; Scan_Chain:scan_instance|current_state.s_update  ; Scan_Chain:scan_instance|Scan_Reg:In_Reg|L1[6]   ; TCLK         ; TCLK        ; 0.000        ; 0.000      ; 5.579      ;
; 5.384 ; Scan_Chain:scan_instance|current_state.s_idle    ; Scan_Chain:scan_instance|Scan_Reg:In_Reg|L1[2]   ; TCLK         ; TCLK        ; 0.000        ; 0.000      ; 5.605      ;
; 5.384 ; Scan_Chain:scan_instance|current_state.s_idle    ; Scan_Chain:scan_instance|Scan_Reg:In_Reg|L1[1]   ; TCLK         ; TCLK        ; 0.000        ; 0.000      ; 5.605      ;
; 5.384 ; Scan_Chain:scan_instance|current_state.s_idle    ; Scan_Chain:scan_instance|Scan_Reg:In_Reg|L1[0]   ; TCLK         ; TCLK        ; 0.000        ; 0.000      ; 5.605      ;
; 5.384 ; Scan_Chain:scan_instance|current_state.s_idle    ; Scan_Chain:scan_instance|Scan_Reg:In_Reg|L1[3]   ; TCLK         ; TCLK        ; 0.000        ; 0.000      ; 5.605      ;
; 5.384 ; Scan_Chain:scan_instance|current_state.s_idle    ; Scan_Chain:scan_instance|Scan_Reg:In_Reg|L1[4]   ; TCLK         ; TCLK        ; 0.000        ; 0.000      ; 5.605      ;
; 5.384 ; Scan_Chain:scan_instance|current_state.s_idle    ; Scan_Chain:scan_instance|Scan_Reg:In_Reg|L1[5]   ; TCLK         ; TCLK        ; 0.000        ; 0.000      ; 5.605      ;
; 5.384 ; Scan_Chain:scan_instance|current_state.s_idle    ; Scan_Chain:scan_instance|Scan_Reg:In_Reg|L1[6]   ; TCLK         ; TCLK        ; 0.000        ; 0.000      ; 5.605      ;
; 5.565 ; Scan_Chain:scan_instance|Scan_Reg:In_Reg|L2[1]   ; Scan_Chain:scan_instance|Scan_Reg:Out_Reg|L1[0]  ; TCLK         ; TCLK        ; 0.000        ; 0.000      ; 5.786      ;
; 5.599 ; Scan_Chain:scan_instance|current_state.s_shift   ; Scan_Chain:scan_instance|Scan_Reg:In_Reg|L2[1]   ; TCLK         ; TCLK        ; 0.000        ; 0.000      ; 5.820      ;
; 5.599 ; Scan_Chain:scan_instance|current_state.s_shift   ; Scan_Chain:scan_instance|Scan_Reg:In_Reg|L2[2]   ; TCLK         ; TCLK        ; 0.000        ; 0.000      ; 5.820      ;
; 5.599 ; Scan_Chain:scan_instance|current_state.s_shift   ; Scan_Chain:scan_instance|Scan_Reg:In_Reg|L2[0]   ; TCLK         ; TCLK        ; 0.000        ; 0.000      ; 5.820      ;
; 5.726 ; dut:dut1|endsem:dut1|dff_new:d_2|Q               ; Scan_Chain:scan_instance|Scan_Reg:Out_Reg|L1[0]  ; TRST         ; TCLK        ; 0.000        ; -1.994     ; 3.953      ;
; 5.773 ; Scan_Chain:scan_instance|Scan_Reg:In_Reg|L2[2]   ; Scan_Chain:scan_instance|Scan_Reg:Out_Reg|L1[0]  ; TCLK         ; TCLK        ; 0.000        ; 0.000      ; 5.994      ;
; 6.098 ; dut:dut1|endsem:dut1|dff_new:d_1|Q               ; Scan_Chain:scan_instance|Scan_Reg:Out_Reg|L1[0]  ; TRST         ; TCLK        ; 0.000        ; -1.994     ; 4.325      ;
+-------+--------------------------------------------------+--------------------------------------------------+--------------+-------------+--------------+------------+------------+


+---------------------------------------------------------------------------------------------------------------------------------------------+
; Recovery: 'TCLK'                                                                                                                            ;
+--------+-----------+--------------------------------------------------+--------------+-------------+--------------+------------+------------+
; Slack  ; From Node ; To Node                                          ; Launch Clock ; Latch Clock ; Relationship ; Clock Skew ; Data Delay ;
+--------+-----------+--------------------------------------------------+--------------+-------------+--------------+------------+------------+
; -1.140 ; TRST      ; Scan_Chain:scan_instance|current_state.s_capture ; TRST         ; TCLK        ; 0.500        ; 7.546      ; 8.853      ;
; -1.140 ; TRST      ; Scan_Chain:scan_instance|current_state.s_shift   ; TRST         ; TCLK        ; 0.500        ; 7.546      ; 8.853      ;
; -1.140 ; TRST      ; Scan_Chain:scan_instance|current_state.s_update  ; TRST         ; TCLK        ; 0.500        ; 7.546      ; 8.853      ;
; -1.140 ; TRST      ; Scan_Chain:scan_instance|current_state.s_idle    ; TRST         ; TCLK        ; 0.500        ; 7.546      ; 8.853      ;
; -1.140 ; TRST      ; Scan_Chain:scan_instance|current_state.s_DR      ; TRST         ; TCLK        ; 0.500        ; 7.546      ; 8.853      ;
; -0.640 ; TRST      ; Scan_Chain:scan_instance|current_state.s_capture ; TRST         ; TCLK        ; 1.000        ; 7.546      ; 8.853      ;
; -0.640 ; TRST      ; Scan_Chain:scan_instance|current_state.s_shift   ; TRST         ; TCLK        ; 1.000        ; 7.546      ; 8.853      ;
; -0.640 ; TRST      ; Scan_Chain:scan_instance|current_state.s_update  ; TRST         ; TCLK        ; 1.000        ; 7.546      ; 8.853      ;
; -0.640 ; TRST      ; Scan_Chain:scan_instance|current_state.s_idle    ; TRST         ; TCLK        ; 1.000        ; 7.546      ; 8.853      ;
; -0.640 ; TRST      ; Scan_Chain:scan_instance|current_state.s_DR      ; TRST         ; TCLK        ; 1.000        ; 7.546      ; 8.853      ;
+--------+-----------+--------------------------------------------------+--------------+-------------+--------------+------------+------------+


+--------------------------------------------------------------------------------------------------------------------------------------------+
; Removal: 'TCLK'                                                                                                                            ;
+-------+-----------+--------------------------------------------------+--------------+-------------+--------------+------------+------------+
; Slack ; From Node ; To Node                                          ; Launch Clock ; Latch Clock ; Relationship ; Clock Skew ; Data Delay ;
+-------+-----------+--------------------------------------------------+--------------+-------------+--------------+------------+------------+
; 1.086 ; TRST      ; Scan_Chain:scan_instance|current_state.s_capture ; TRST         ; TCLK        ; 0.000        ; 7.546      ; 8.853      ;
; 1.086 ; TRST      ; Scan_Chain:scan_instance|current_state.s_shift   ; TRST         ; TCLK        ; 0.000        ; 7.546      ; 8.853      ;
; 1.086 ; TRST      ; Scan_Chain:scan_instance|current_state.s_update  ; TRST         ; TCLK        ; 0.000        ; 7.546      ; 8.853      ;
; 1.086 ; TRST      ; Scan_Chain:scan_instance|current_state.s_idle    ; TRST         ; TCLK        ; 0.000        ; 7.546      ; 8.853      ;
; 1.086 ; TRST      ; Scan_Chain:scan_instance|current_state.s_DR      ; TRST         ; TCLK        ; 0.000        ; 7.546      ; 8.853      ;
; 1.586 ; TRST      ; Scan_Chain:scan_instance|current_state.s_capture ; TRST         ; TCLK        ; -0.500       ; 7.546      ; 8.853      ;
; 1.586 ; TRST      ; Scan_Chain:scan_instance|current_state.s_shift   ; TRST         ; TCLK        ; -0.500       ; 7.546      ; 8.853      ;
; 1.586 ; TRST      ; Scan_Chain:scan_instance|current_state.s_update  ; TRST         ; TCLK        ; -0.500       ; 7.546      ; 8.853      ;
; 1.586 ; TRST      ; Scan_Chain:scan_instance|current_state.s_idle    ; TRST         ; TCLK        ; -0.500       ; 7.546      ; 8.853      ;
; 1.586 ; TRST      ; Scan_Chain:scan_instance|current_state.s_DR      ; TRST         ; TCLK        ; -0.500       ; 7.546      ; 8.853      ;
+-------+-----------+--------------------------------------------------+--------------+-------------+--------------+------------+------------+


+-------------------------------------------------------------------+
; Setup Transfers                                                   ;
+------------+----------+----------+----------+----------+----------+
; From Clock ; To Clock ; RR Paths ; FR Paths ; RF Paths ; FF Paths ;
+------------+----------+----------+----------+----------+----------+
; TCLK       ; TCLK     ; 60       ; 0        ; 0        ; 0        ;
; TRST       ; TCLK     ; 27       ; 25       ; 0        ; 0        ;
; TCLK       ; TRST     ; 4        ; 0        ; 0        ; 0        ;
; TRST       ; TRST     ; 8        ; 4        ; 0        ; 0        ;
+------------+----------+----------+----------+----------+----------+
Entries labeled "false path" only account for clock-to-clock false paths and not path-based false paths. As a result, actual path counts may be lower than reported.


+-------------------------------------------------------------------+
; Hold Transfers                                                    ;
+------------+----------+----------+----------+----------+----------+
; From Clock ; To Clock ; RR Paths ; FR Paths ; RF Paths ; FF Paths ;
+------------+----------+----------+----------+----------+----------+
; TCLK       ; TCLK     ; 60       ; 0        ; 0        ; 0        ;
; TRST       ; TCLK     ; 27       ; 25       ; 0        ; 0        ;
; TCLK       ; TRST     ; 4        ; 0        ; 0        ; 0        ;
; TRST       ; TRST     ; 8        ; 4        ; 0        ; 0        ;
+------------+----------+----------+----------+----------+----------+
Entries labeled "false path" only account for clock-to-clock false paths and not path-based false paths. As a result, actual path counts may be lower than reported.


+-------------------------------------------------------------------+
; Recovery Transfers                                                ;
+------------+----------+----------+----------+----------+----------+
; From Clock ; To Clock ; RR Paths ; FR Paths ; RF Paths ; FF Paths ;
+------------+----------+----------+----------+----------+----------+
; TRST       ; TCLK     ; 5        ; 5        ; 0        ; 0        ;
+------------+----------+----------+----------+----------+----------+
Entries labeled "false path" only account for clock-to-clock false paths and not path-based false paths. As a result, actual path counts may be lower than reported.


+-------------------------------------------------------------------+
; Removal Transfers                                                 ;
+------------+----------+----------+----------+----------+----------+
; From Clock ; To Clock ; RR Paths ; FR Paths ; RF Paths ; FF Paths ;
+------------+----------+----------+----------+----------+----------+
; TRST       ; TCLK     ; 5        ; 5        ; 0        ; 0        ;
+------------+----------+----------+----------+----------+----------+
Entries labeled "false path" only account for clock-to-clock false paths and not path-based false paths. As a result, actual path counts may be lower than reported.


---------------
; Report TCCS ;
---------------
No dedicated SERDES Transmitter circuitry present in device or used in design


---------------
; Report RSKM ;
---------------
No non-DPA dedicated SERDES Receiver circuitry present in device or used in design


+------------------------------------------------+
; Unconstrained Paths Summary                    ;
+---------------------------------+-------+------+
; Property                        ; Setup ; Hold ;
+---------------------------------+-------+------+
; Illegal Clocks                  ; 0     ; 0    ;
; Unconstrained Clocks            ; 0     ; 0    ;
; Unconstrained Input Ports       ; 2     ; 2    ;
; Unconstrained Input Port Paths  ; 17    ; 17   ;
; Unconstrained Output Ports      ; 1     ; 1    ;
; Unconstrained Output Port Paths ; 1     ; 1    ;
+---------------------------------+-------+------+


+-------------------------------------+
; Clock Status Summary                ;
+--------+-------+------+-------------+
; Target ; Clock ; Type ; Status      ;
+--------+-------+------+-------------+
; TCLK   ; TCLK  ; Base ; Constrained ;
; TRST   ; TRST  ; Base ; Constrained ;
+--------+-------+------+-------------+


+---------------------------------------------------------------------------------------------------+
; Unconstrained Input Ports                                                                         ;
+------------+--------------------------------------------------------------------------------------+
; Input Port ; Comment                                                                              ;
+------------+--------------------------------------------------------------------------------------+
; TDI        ; No input delay, min/max delays, false-path exceptions, or max skew assignments found ;
; TMS        ; No input delay, min/max delays, false-path exceptions, or max skew assignments found ;
+------------+--------------------------------------------------------------------------------------+


+-----------------------------------------------------------------------------------------------------+
; Unconstrained Output Ports                                                                          ;
+-------------+---------------------------------------------------------------------------------------+
; Output Port ; Comment                                                                               ;
+-------------+---------------------------------------------------------------------------------------+
; TDO         ; No output delay, min/max delays, false-path exceptions, or max skew assignments found ;
+-------------+---------------------------------------------------------------------------------------+


+---------------------------------------------------------------------------------------------------+
; Unconstrained Input Ports                                                                         ;
+------------+--------------------------------------------------------------------------------------+
; Input Port ; Comment                                                                              ;
+------------+--------------------------------------------------------------------------------------+
; TDI        ; No input delay, min/max delays, false-path exceptions, or max skew assignments found ;
; TMS        ; No input delay, min/max delays, false-path exceptions, or max skew assignments found ;
+------------+--------------------------------------------------------------------------------------+


+-----------------------------------------------------------------------------------------------------+
; Unconstrained Output Ports                                                                          ;
+-------------+---------------------------------------------------------------------------------------+
; Output Port ; Comment                                                                               ;
+-------------+---------------------------------------------------------------------------------------+
; TDO         ; No output delay, min/max delays, false-path exceptions, or max skew assignments found ;
+-------------+---------------------------------------------------------------------------------------+


+------------------------------------+
; TimeQuest Timing Analyzer Messages ;
+------------------------------------+
Info: *******************************************************************
Info: Running Quartus Prime TimeQuest Timing Analyzer
    Info: Version 16.0.0 Build 211 04/27/2016 SJ Lite Edition
    Info: Processing started: Sat Apr 21 16:41:01 2018
Info: Command: quartus_sta endsem -c endsem
Info: qsta_default_script.tcl version: #1
Warning (20028): Parallel compilation is not licensed and has been disabled
Info (21077): Low junction temperature is 0 degrees C
Info (21077): High junction temperature is 85 degrees C
Info (334003): Started post-fitting delay annotation
Info (334004): Delay annotation completed successfully
Critical Warning (332012): Synopsys Design Constraints File file not found: 'endsem.sdc'. A Synopsys Design Constraints File is required by the TimeQuest Timing Analyzer to get proper timing constraints. Without it, the Compiler will not properly optimize the design.
Info (332142): No user constrained base clocks found in the design. Calling "derive_clocks -period 1.0"
Info (332105): Deriving Clocks
    Info (332105): create_clock -period 1.000 -name TCLK TCLK
    Info (332105): create_clock -period 1.000 -name TRST TRST
Info: Found TIMEQUEST_REPORT_SCRIPT_INCLUDE_DEFAULT_ANALYSIS = ON
Info: Can't run Report Timing Closure Recommendations. The current device family is not supported.
Critical Warning (332148): Timing requirements not met
Info (332146): Worst-case setup slack is -5.652
    Info (332119):     Slack       End Point TNS Clock 
    Info (332119): ========= =================== =====================
    Info (332119):    -5.652             -65.820 TCLK 
    Info (332119):    -4.198              -8.396 TRST 
Info (332146): Worst-case hold slack is 0.773
    Info (332119):     Slack       End Point TNS Clock 
    Info (332119): ========= =================== =====================
    Info (332119):     0.773               0.000 TRST 
    Info (332119):     0.992               0.000 TCLK 
Info (332146): Worst-case recovery slack is -1.140
    Info (332119):     Slack       End Point TNS Clock 
    Info (332119): ========= =================== =====================
    Info (332119):    -1.140              -5.700 TCLK 
Info (332146): Worst-case removal slack is 1.086
    Info (332119):     Slack       End Point TNS Clock 
    Info (332119): ========= =================== =====================
    Info (332119):     1.086               0.000 TCLK 
Info (332146): Worst-case minimum pulse width slack is -2.289
    Info (332119):     Slack       End Point TNS Clock 
    Info (332119): ========= =================== =====================
    Info (332119):    -2.289              -2.289 TCLK 
    Info (332119):    -2.289              -2.289 TRST 
Info (332001): The selected device family is not supported by the report_metastability command.
Info (332102): Design is not fully constrained for setup requirements
Info (332102): Design is not fully constrained for hold requirements
Info: Quartus Prime TimeQuest Timing Analyzer was successful. 0 errors, 3 warnings
    Info: Peak virtual memory: 1005 megabytes
    Info: Processing ended: Sat Apr 21 16:41:02 2018
    Info: Elapsed time: 00:00:01
    Info: Total CPU time (on all processors): 00:00:01


